.\.venv\Scripts\pytho
n.exe : D:\harsh\Code
_Playground\Law Firm 
Connect\Law Firm Conn
ect\rag\rag.py:41: 
UserWarning: Api key 
is used with an 
insecure connection.
At line:1 char:1
+ .\.venv\Scripts\pyt
hon.exe 
test_rag_deepseek.py 
> test_output.txt 
2>& ...
+ ~~~~~~~~~~~~~~~~~~~
~~~~~~~~~~~~~~~~~~~~~
~~~~~~~~~~~~~~~~~~~~~
~~~~~~~~
    + CategoryInfo   
           : NotSpe  
  cified: (D:\hars   
 h\Code_P...ure c    
onnection.:Strin    
g) [], RemoteExc    
eption
    + FullyQualified 
   ErrorId : Native  
  CommandError
 
  qdrant = QdrantClie
nt(url=QDRANT_URL, 
api_key=QDRANT_KEY)
Warning: You are 
sending 
unauthenticated 
requests to the HF 
Hub. Please set a 
HF_TOKEN to enable 
higher rate limits 
and faster downloads.
WARNING:huggingface_h
ub.utils._http:Warnin
g: You are sending 
unauthenticated 
requests to the HF 
Hub. Please set a 
HF_TOKEN to enable 
higher rate limits 
and faster downloads.

Loading weights:   
0%|          | 0/103 
[00:00<?, ?it/s]
Loading weights:   
1%|          | 1/103 
[00:00<00:00, 
1385.17it/s, 
Materializing param=e
mbeddings.LayerNorm.b
ias]
Loading weights:   
1%|          | 1/103 
[00:00<00:00, 
1385.17it/s, 
Materializing param=e
mbeddings.LayerNorm.b
ias]
Loading weights:   
2%|1         | 2/103 
[00:00<00:00, 
2770.35it/s, 
Materializing param=e
mbeddings.LayerNorm.w
eight]
Loading weights:   
2%|1         | 2/103 
[00:00<00:00, 
2770.35it/s, 
Materializing param=e
mbeddings.LayerNorm.w
eight]
Loading weights:   
3%|2         | 3/103 
[00:00<00:00, 
2382.22it/s, 
Materializing param=e
mbeddings.position_em
beddings.weight]
Loading weights:   
3%|2         | 3/103 
[00:00<00:00, 
2382.22it/s, 
Materializing param=e
mbeddings.position_em
beddings.weight]
Loading weights:   
4%|3         | 4/103 
[00:00<00:00, 
3176.30it/s, 
Materializing param=e
mbeddings.token_type_
embeddings.weight]
Loading weights:   
4%|3         | 4/103 
[00:00<00:00, 
2192.24it/s, 
Materializing param=e
mbeddings.token_type_
embeddings.weight]
Loading weights:   
5%|4         | 5/103 
[00:00<00:00, 
2740.30it/s, 
Materializing param=e
mbeddings.word_embedd
ings.weight]      
Loading weights:   
5%|4         | 5/103 
[00:00<00:00, 
2740.30it/s, 
Materializing param=e
mbeddings.word_embedd
ings.weight]
Loading weights:   
6%|5         | 6/103 
[00:00<00:00, 
3288.36it/s, 
Materializing param=e
ncoder.layer.0.attent
ion.output.LayerNorm.
bias]
Loading weights:   
6%|5         | 6/103 
[00:00<00:00, 
2544.83it/s, 
Materializing param=e
ncoder.layer.0.attent
ion.output.LayerNorm.
bias]
Loading weights:   
7%|6         | 7/103 
[00:00<00:00, 
2968.97it/s, 
Materializing param=e
ncoder.layer.0.attent
ion.output.LayerNorm.
weight]
Loading weights:   
7%|6         | 7/103 
[00:00<00:00, 
2968.97it/s, 
Materializing param=e
ncoder.layer.0.attent
ion.output.LayerNorm.
weight]
Loading weights:   
8%|7         | 8/103 
[00:00<00:00, 
3393.11it/s, 
Materializing param=e
ncoder.layer.0.attent
ion.output.dense.bias
]      
Loading weights:   
8%|7         | 8/103 
[00:00<00:00, 
2748.79it/s, 
Materializing param=e
ncoder.layer.0.attent
ion.output.dense.bias
]
Loading weights:   
9%|8         | 9/103 
[00:00<00:00, 
3092.38it/s, 
Materializing param=e
ncoder.layer.0.attent
ion.output.dense.weig
ht]
Loading weights:   
9%|8         | 9/103 
[00:00<00:00, 
3092.38it/s, 
Materializing param=e
ncoder.layer.0.attent
ion.output.dense.weig
ht]
Loading weights:  
10%|9         | 
10/103 [00:00<00:00, 
2183.51it/s, 
Materializing param=e
ncoder.layer.0.attent
ion.self.key.bias]   
  
Loading weights:  
10%|9         | 
10/103 [00:00<00:00, 
2183.51it/s, 
Materializing param=e
ncoder.layer.0.attent
ion.self.key.bias]
Loading weights:  
11%|#         | 
11/103 [00:00<00:00, 
2401.86it/s, 
Materializing param=e
ncoder.layer.0.attent
ion.self.key.weight]
Loading weights:  
11%|#         | 
11/103 [00:00<00:00, 
2111.84it/s, 
Materializing param=e
ncoder.layer.0.attent
ion.self.key.weight]
Loading weights:  
12%|#1        | 
12/103 [00:00<00:00, 
2059.82it/s, 
Materializing param=e
ncoder.layer.0.attent
ion.self.query.bias]
Loading weights:  
12%|#1        | 
12/103 [00:00<00:00, 
2059.82it/s, 
Materializing param=e
ncoder.layer.0.attent
ion.self.query.bias]
Loading weights:  
13%|#2        | 
13/103 [00:00<00:00, 
2231.47it/s, 
Materializing param=e
ncoder.layer.0.attent
ion.self.query.weight
]
Loading weights:  
13%|#2        | 
13/103 [00:00<00:00, 
2044.31it/s, 
Materializing param=e
ncoder.layer.0.attent
ion.self.query.weight
]
Loading weights:  
14%|#3        | 
14/103 [00:00<00:00, 
2021.91it/s, 
Materializing param=e
ncoder.layer.0.attent
ion.self.value.bias] 
 
Loading weights:  
14%|#3        | 
14/103 [00:00<00:00, 
1872.88it/s, 
Materializing param=e
ncoder.layer.0.attent
ion.self.value.bias]
Loading weights:  
15%|#4        | 
15/103 [00:00<00:00, 
2006.65it/s, 
Materializing param=e
ncoder.layer.0.attent
ion.self.value.weight
]
Loading weights:  
15%|#4        | 
15/103 [00:00<00:00, 
2006.65it/s, 
Materializing param=e
ncoder.layer.0.attent
ion.self.value.weight
]
Loading weights:  
16%|#5        | 
16/103 [00:00<00:00, 
2002.35it/s, 
Materializing param=e
ncoder.layer.0.interm
ediate.dense.bias]   
 
Loading weights:  
16%|#5        | 
16/103 [00:00<00:00, 
2002.35it/s, 
Materializing param=e
ncoder.layer.0.interm
ediate.dense.bias]
Loading weights:  
17%|#6        | 
17/103 [00:00<00:00, 
1998.07it/s, 
Materializing param=e
ncoder.layer.0.interm
ediate.dense.weight]
Loading weights:  
17%|#6        | 
17/103 [00:00<00:00, 
1998.07it/s, 
Materializing param=e
ncoder.layer.0.interm
ediate.dense.weight]
Loading weights:  
17%|#7        | 
18/103 [00:00<00:00, 
1991.91it/s, 
Materializing param=e
ncoder.layer.0.output
.LayerNorm.bias]    
Loading weights:  
17%|#7        | 
18/103 [00:00<00:00, 
1991.91it/s, 
Materializing param=e
ncoder.layer.0.output
.LayerNorm.bias]
Loading weights:  
18%|#8        | 
19/103 [00:00<00:00, 
1987.67it/s, 
Materializing param=e
ncoder.layer.0.output
.LayerNorm.weight]
Loading weights:  
18%|#8        | 
19/103 [00:00<00:00, 
1987.67it/s, 
Materializing param=e
ncoder.layer.0.output
.LayerNorm.weight]
Loading weights:  
19%|#9        | 
20/103 [00:00<00:00, 
2092.29it/s, 
Materializing param=e
ncoder.layer.0.output
.dense.bias]      
Loading weights:  
19%|#9        | 
20/103 [00:00<00:00, 
1878.66it/s, 
Materializing param=e
ncoder.layer.0.output
.dense.bias]
Loading weights:  
20%|##        | 
21/103 [00:00<00:00, 
1972.60it/s, 
Materializing param=e
ncoder.layer.0.output
.dense.weight]
Loading weights:  
20%|##        | 
21/103 [00:00<00:00, 
1972.60it/s, 
Materializing param=e
ncoder.layer.0.output
.dense.weight]
Loading weights:  
21%|##1       | 
22/103 [00:00<00:00, 
2066.53it/s, 
Materializing param=e
ncoder.layer.1.attent
ion.output.LayerNorm.
bias]
Loading weights:  
21%|##1       | 
22/103 [00:00<00:00, 
1941.07it/s, 
Materializing param=e
ncoder.layer.1.attent
ion.output.LayerNorm.
bias]
Loading weights:  
22%|##2       | 
23/103 [00:00<00:00, 
2029.30it/s, 
Materializing param=e
ncoder.layer.1.attent
ion.output.LayerNorm.
weight]
Loading weights:  
22%|##2       | 
23/103 [00:00<00:00, 
2029.30it/s, 
Materializing param=e
ncoder.layer.1.attent
ion.output.LayerNorm.
weight]
Loading weights:  
23%|##3       | 
24/103 [00:00<00:00, 
2117.53it/s, 
Materializing param=e
ncoder.layer.1.attent
ion.output.dense.bias
]      
Loading weights:  
23%|##3       | 
24/103 [00:00<00:00, 
2017.99it/s, 
Materializing param=e
ncoder.layer.1.attent
ion.output.dense.bias
]
Loading weights:  
24%|##4       | 
25/103 [00:00<00:00, 
2007.92it/s, 
Materializing param=e
ncoder.layer.1.attent
ion.output.dense.weig
ht]
Loading weights:  
24%|##4       | 
25/103 [00:00<00:00, 
1911.61it/s, 
Materializing param=e
ncoder.layer.1.attent
ion.output.dense.weig
ht]
Loading weights:  
25%|##5       | 
26/103 [00:00<00:00, 
1988.08it/s, 
Materializing param=e
ncoder.layer.1.attent
ion.self.key.bias]   
   
Loading weights:  
25%|##5       | 
26/103 [00:00<00:00, 
1988.08it/s, 
Materializing param=e
ncoder.layer.1.attent
ion.self.key.bias]
Loading weights:  
26%|##6       | 
27/103 [00:00<00:00, 
1964.14it/s, 
Materializing param=e
ncoder.layer.1.attent
ion.self.key.weight]
Loading weights:  
26%|##6       | 
27/103 [00:00<00:00, 
1964.14it/s, 
Materializing param=e
ncoder.layer.1.attent
ion.self.key.weight]
Loading weights:  
27%|##7       | 
28/103 [00:00<00:00, 
2036.88it/s, 
Materializing param=e
ncoder.layer.1.attent
ion.self.query.bias]
Loading weights:  
27%|##7       | 
28/103 [00:00<00:00, 
2036.88it/s, 
Materializing param=e
ncoder.layer.1.attent
ion.self.query.bias]
Loading weights:  
28%|##8       | 
29/103 [00:00<00:00, 
2032.87it/s, 
Materializing param=e
ncoder.layer.1.attent
ion.self.query.weight
]
Loading weights:  
28%|##8       | 
29/103 [00:00<00:00, 
1961.19it/s, 
Materializing param=e
ncoder.layer.1.attent
ion.self.query.weight
]
Loading weights:  
29%|##9       | 
30/103 [00:00<00:00, 
2028.81it/s, 
Materializing param=e
ncoder.layer.1.attent
ion.self.value.bias] 
 
Loading weights:  
29%|##9       | 
30/103 [00:00<00:00, 
1951.29it/s, 
Materializing param=e
ncoder.layer.1.attent
ion.self.value.bias]
Loading weights:  
30%|###       | 
31/103 [00:00<00:00, 
1950.08it/s, 
Materializing param=e
ncoder.layer.1.attent
ion.self.value.weight
]
Loading weights:  
30%|###       | 
31/103 [00:00<00:00, 
1862.69it/s, 
Materializing param=e
ncoder.layer.1.attent
ion.self.value.weight
]
Loading weights:  
31%|###1      | 
32/103 [00:00<00:00, 
1860.26it/s, 
Materializing param=e
ncoder.layer.1.interm
ediate.dense.bias]   
 
Loading weights:  
31%|###1      | 
32/103 [00:00<00:00, 
1860.26it/s, 
Materializing param=e
ncoder.layer.1.interm
ediate.dense.bias]
Loading weights:  
32%|###2      | 
33/103 [00:00<00:00, 
1918.39it/s, 
Materializing param=e
ncoder.layer.1.interm
ediate.dense.weight]
Loading weights:  
32%|###2      | 
33/103 [00:00<00:00, 
1918.39it/s, 
Materializing param=e
ncoder.layer.1.interm
ediate.dense.weight]
Loading weights:  
33%|###3      | 
34/103 [00:00<00:00, 
1976.53it/s, 
Materializing param=e
ncoder.layer.1.output
.LayerNorm.bias]    
Loading weights:  
33%|###3      | 
34/103 [00:00<00:00, 
1867.14it/s, 
Materializing param=e
ncoder.layer.1.output
.LayerNorm.bias]
Loading weights:  
34%|###3      | 
35/103 [00:00<00:00, 
1922.05it/s, 
Materializing param=e
ncoder.layer.1.output
.LayerNorm.weight]
Loading weights:  
34%|###3      | 
35/103 [00:00<00:00, 
1922.05it/s, 
Materializing param=e
ncoder.layer.1.output
.LayerNorm.weight]
Loading weights:  
35%|###4      | 
36/103 [00:00<00:00, 
1779.66it/s, 
Materializing param=e
ncoder.layer.1.output
.dense.bias]      
Loading weights:  
35%|###4      | 
36/103 [00:00<00:00, 
1779.66it/s, 
Materializing param=e
ncoder.layer.1.output
.dense.bias]
Loading weights:  
36%|###5      | 
37/103 [00:00<00:00, 
1778.33it/s, 
Materializing param=e
ncoder.layer.1.output
.dense.weight]
Loading weights:  
36%|###5      | 
37/103 [00:00<00:00, 
1727.68it/s, 
Materializing param=e
ncoder.layer.1.output
.dense.weight]
Loading weights:  
37%|###6      | 
38/103 [00:00<00:00, 
1774.38it/s, 
Materializing param=e
ncoder.layer.2.attent
ion.output.LayerNorm.
bias]
Loading weights:  
37%|###6      | 
38/103 [00:00<00:00, 
1730.00it/s, 
Materializing param=e
ncoder.layer.2.attent
ion.output.LayerNorm.
bias]
Loading weights:  
38%|###7      | 
39/103 [00:00<00:00, 
1775.53it/s, 
Materializing param=e
ncoder.layer.2.attent
ion.output.LayerNorm.
weight]
Loading weights:  
38%|###7      | 
39/103 [00:00<00:00, 
1775.53it/s, 
Materializing param=e
ncoder.layer.2.attent
ion.output.LayerNorm.
weight]
Loading weights:  
39%|###8      | 
40/103 [00:00<00:00, 
1778.51it/s, 
Materializing param=e
ncoder.layer.2.attent
ion.output.dense.bias
]      
Loading weights:  
39%|###8      | 
40/103 [00:00<00:00, 
1699.96it/s, 
Materializing param=e
ncoder.layer.2.attent
ion.output.dense.bias
]
Loading weights:  
40%|###9      | 
41/103 [00:00<00:00, 
1742.46it/s, 
Materializing param=e
ncoder.layer.2.attent
ion.output.dense.weig
ht]
Loading weights:  
40%|###9      | 
41/103 [00:00<00:00, 
1670.88it/s, 
Materializing param=e
ncoder.layer.2.attent
ion.output.dense.weig
ht]
Loading weights:  
41%|####      | 
42/103 [00:00<00:00, 
1676.88it/s, 
Materializing param=e
ncoder.layer.2.attent
ion.self.key.bias]   
   
Loading weights:  
41%|####      | 
42/103 [00:00<00:00, 
1591.02it/s, 
Materializing param=e
ncoder.layer.2.attent
ion.self.key.bias]
Loading weights:  
42%|####1     | 
43/103 [00:00<00:00, 
1592.20it/s, 
Materializing param=e
ncoder.layer.2.attent
ion.self.key.weight]
Loading weights:  
42%|####1     | 
43/103 [00:00<00:00, 
1534.96it/s, 
Materializing param=e
ncoder.layer.2.attent
ion.self.key.weight]
Loading weights:  
43%|####2     | 
44/103 [00:00<00:00, 
1542.19it/s, 
Materializing param=e
ncoder.layer.2.attent
ion.self.query.bias]
Loading weights:  
43%|####2     | 
44/103 [00:00<00:00, 
1514.70it/s, 
Materializing param=e
ncoder.layer.2.attent
ion.self.query.bias]
Loading weights:  
44%|####3     | 
45/103 [00:00<00:00, 
1521.93it/s, 
Materializing param=e
ncoder.layer.2.attent
ion.self.query.weight
]
Loading weights:  
44%|####3     | 
45/103 [00:00<00:00, 
1495.54it/s, 
Materializing param=e
ncoder.layer.2.attent
ion.self.query.weight
]
Loading weights:  
45%|####4     | 
46/103 [00:00<00:00, 
1500.79it/s, 
Materializing param=e
ncoder.layer.2.attent
ion.self.value.bias] 
 
Loading weights:  
45%|####4     | 
46/103 [00:00<00:00, 
1500.79it/s, 
Materializing param=e
ncoder.layer.2.attent
ion.self.value.bias]
Loading weights:  
46%|####5     | 
47/103 [00:00<00:00, 
1485.25it/s, 
Materializing param=e
ncoder.layer.2.attent
ion.self.value.weight
]
Loading weights:  
46%|####5     | 
47/103 [00:00<00:00, 
1485.25it/s, 
Materializing param=e
ncoder.layer.2.attent
ion.self.value.weight
]
Loading weights:  
47%|####6     | 
48/103 [00:00<00:00, 
1491.72it/s, 
Materializing param=e
ncoder.layer.2.interm
ediate.dense.bias]   
 
Loading weights:  
47%|####6     | 
48/103 [00:00<00:00, 
1491.72it/s, 
Materializing param=e
ncoder.layer.2.interm
ediate.dense.bias]
Loading weights:  
48%|####7     | 
49/103 [00:00<00:00, 
1498.46it/s, 
Materializing param=e
ncoder.layer.2.interm
ediate.dense.weight]
Loading weights:  
48%|####7     | 
49/103 [00:00<00:00, 
1498.46it/s, 
Materializing param=e
ncoder.layer.2.interm
ediate.dense.weight]
Loading weights:  
49%|####8     | 
50/103 [00:00<00:00, 
1501.58it/s, 
Materializing param=e
ncoder.layer.2.output
.LayerNorm.bias]    
Loading weights:  
49%|####8     | 
50/103 [00:00<00:00, 
1501.58it/s, 
Materializing param=e
ncoder.layer.2.output
.LayerNorm.bias]
Loading weights:  
50%|####9     | 
51/103 [00:00<00:00, 
1531.61it/s, 
Materializing param=e
ncoder.layer.2.output
.LayerNorm.weight]
Loading weights:  
50%|####9     | 
51/103 [00:00<00:00, 
1506.52it/s, 
Materializing param=e
ncoder.layer.2.output
.LayerNorm.weight]
Loading weights:  
50%|#####     | 
52/103 [00:00<00:00, 
1536.06it/s, 
Materializing param=e
ncoder.layer.2.output
.dense.bias]      
Loading weights:  
50%|#####     | 
52/103 [00:00<00:00, 
1536.06it/s, 
Materializing param=e
ncoder.layer.2.output
.dense.bias]
Loading weights:  
51%|#####1    | 
53/103 [00:00<00:00, 
1565.60it/s, 
Materializing param=e
ncoder.layer.2.output
.dense.weight]
Loading weights:  
51%|#####1    | 
53/103 [00:00<00:00, 
1565.60it/s, 
Materializing param=e
ncoder.layer.2.output
.dense.weight]
Loading weights:  
52%|#####2    | 
54/103 [00:00<00:00, 
1540.96it/s, 
Materializing param=e
ncoder.layer.3.attent
ion.output.LayerNorm.
bias]
Loading weights:  
52%|#####2    | 
54/103 [00:00<00:00, 
1540.96it/s, 
Materializing param=e
ncoder.layer.3.attent
ion.output.LayerNorm.
bias]
Loading weights:  
53%|#####3    | 
55/103 [00:00<00:00, 
1569.50it/s, 
Materializing param=e
ncoder.layer.3.attent
ion.output.LayerNorm.
weight]
Loading weights:  
53%|#####3    | 
55/103 [00:00<00:00, 
1569.50it/s, 
Materializing param=e
ncoder.layer.3.attent
ion.output.LayerNorm.
weight]
Loading weights:  
54%|#####4    | 
56/103 [00:00<00:00, 
1598.04it/s, 
Materializing param=e
ncoder.layer.3.attent
ion.output.dense.bias
]      
Loading weights:  
54%|#####4    | 
56/103 [00:00<00:00, 
1598.04it/s, 
Materializing param=e
ncoder.layer.3.attent
ion.output.dense.bias
]
Loading weights:  
55%|#####5    | 
57/103 [00:00<00:00, 
1558.94it/s, 
Materializing param=e
ncoder.layer.3.attent
ion.output.dense.weig
ht]
Loading weights:  
55%|#####5    | 
57/103 [00:00<00:00, 
1558.94it/s, 
Materializing param=e
ncoder.layer.3.attent
ion.output.dense.weig
ht]
Loading weights:  
56%|#####6    | 
58/103 [00:00<00:00, 
1522.65it/s, 
Materializing param=e
ncoder.layer.3.attent
ion.self.key.bias]   
   
Loading weights:  
56%|#####6    | 
58/103 [00:00<00:00, 
1522.65it/s, 
Materializing param=e
ncoder.layer.3.attent
ion.self.key.bias]
Loading weights:  
57%|#####7    | 
59/103 [00:00<00:00, 
1505.58it/s, 
Materializing param=e
ncoder.layer.3.attent
ion.self.key.weight]
Loading weights:  
57%|#####7    | 
59/103 [00:00<00:00, 
1505.58it/s, 
Materializing param=e
ncoder.layer.3.attent
ion.self.key.weight]
Loading weights:  
58%|#####8    | 
60/103 [00:00<00:00, 
1487.42it/s, 
Materializing param=e
ncoder.layer.3.attent
ion.self.query.bias]
Loading weights:  
58%|#####8    | 
60/103 [00:00<00:00, 
1487.42it/s, 
Materializing param=e
ncoder.layer.3.attent
ion.self.query.bias]
Loading weights:  
59%|#####9    | 
61/103 [00:00<00:00, 
1512.21it/s, 
Materializing param=e
ncoder.layer.3.attent
ion.self.query.weight
]
Loading weights:  
59%|#####9    | 
61/103 [00:00<00:00, 
1492.78it/s, 
Materializing param=e
ncoder.layer.3.attent
ion.self.query.weight
]
Loading weights:  
60%|######    | 
62/103 [00:00<00:00, 
1517.25it/s, 
Materializing param=e
ncoder.layer.3.attent
ion.self.value.bias] 
 
Loading weights:  
60%|######    | 
62/103 [00:00<00:00, 
1517.25it/s, 
Materializing param=e
ncoder.layer.3.attent
ion.self.value.bias]
Loading weights:  
61%|######1   | 
63/103 [00:00<00:00, 
1520.38it/s, 
Materializing param=e
ncoder.layer.3.attent
ion.self.value.weight
]
Loading weights:  
61%|######1   | 
63/103 [00:00<00:00, 
1520.38it/s, 
Materializing param=e
ncoder.layer.3.attent
ion.self.value.weight
]
Loading weights:  
62%|######2   | 
64/103 [00:00<00:00, 
1544.52it/s, 
Materializing param=e
ncoder.layer.3.interm
ediate.dense.bias]   
 
Loading weights:  
62%|######2   | 
64/103 [00:00<00:00, 
1544.52it/s, 
Materializing param=e
ncoder.layer.3.interm
ediate.dense.bias]
Loading weights:  
63%|######3   | 
65/103 [00:00<00:00, 
1548.86it/s, 
Materializing param=e
ncoder.layer.3.interm
ediate.dense.weight]
Loading weights:  
63%|######3   | 
65/103 [00:00<00:00, 
1548.86it/s, 
Materializing param=e
ncoder.layer.3.interm
ediate.dense.weight]
Loading weights:  
64%|######4   | 
66/103 [00:00<00:00, 
1572.69it/s, 
Materializing param=e
ncoder.layer.3.output
.LayerNorm.bias]    
Loading weights:  
64%|######4   | 
66/103 [00:00<00:00, 
1572.69it/s, 
Materializing param=e
ncoder.layer.3.output
.LayerNorm.bias]
Loading weights:  
65%|######5   | 
67/103 [00:00<00:00, 
1559.00it/s, 
Materializing param=e
ncoder.layer.3.output
.LayerNorm.weight]
Loading weights:  
65%|######5   | 
67/103 [00:00<00:00, 
1559.00it/s, 
Materializing param=e
ncoder.layer.3.output
.LayerNorm.weight]
Loading weights:  
66%|######6   | 
68/103 [00:00<00:00, 
1563.37it/s, 
Materializing param=e
ncoder.layer.3.output
.dense.bias]      
Loading weights:  
66%|######6   | 
68/103 [00:00<00:00, 
1563.37it/s, 
Materializing param=e
ncoder.layer.3.output
.dense.bias]
Loading weights:  
67%|######6   | 
69/103 [00:00<00:00, 
1543.67it/s, 
Materializing param=e
ncoder.layer.3.output
.dense.weight]
Loading weights:  
67%|######6   | 
69/103 [00:00<00:00, 
1543.67it/s, 
Materializing param=e
ncoder.layer.3.output
.dense.weight]
Loading weights:  
68%|######7   | 
70/103 [00:00<00:00, 
1566.04it/s, 
Materializing param=e
ncoder.layer.4.attent
ion.output.LayerNorm.
bias]
Loading weights:  
68%|######7   | 
70/103 [00:00<00:00, 
1566.04it/s, 
Materializing param=e
ncoder.layer.4.attent
ion.output.LayerNorm.
bias]
Loading weights:  
69%|######8   | 
71/103 [00:00<00:00, 
1588.41it/s, 
Materializing param=e
ncoder.layer.4.attent
ion.output.LayerNorm.
weight]
Loading weights:  
69%|######8   | 
71/103 [00:00<00:00, 
1588.41it/s, 
Materializing param=e
ncoder.layer.4.attent
ion.output.LayerNorm.
weight]
Loading weights:  
70%|######9   | 
72/103 [00:00<00:00, 
1610.78it/s, 
Materializing param=e
ncoder.layer.4.attent
ion.output.dense.bias
]      
Loading weights:  
70%|######9   | 
72/103 [00:00<00:00, 
1610.78it/s, 
Materializing param=e
ncoder.layer.4.attent
ion.output.dense.bias
]
Loading weights:  
71%|#######   | 
73/103 [00:00<00:00, 
1633.16it/s, 
Materializing param=e
ncoder.layer.4.attent
ion.output.dense.weig
ht]
Loading weights:  
71%|#######   | 
73/103 [00:00<00:00, 
1633.16it/s, 
Materializing param=e
ncoder.layer.4.attent
ion.output.dense.weig
ht]
Loading weights:  
72%|#######1  | 
74/103 [00:00<00:00, 
1599.58it/s, 
Materializing param=e
ncoder.layer.4.attent
ion.self.key.bias]   
   
Loading weights:  
72%|#######1  | 
74/103 [00:00<00:00, 
1599.58it/s, 
Materializing param=e
ncoder.layer.4.attent
ion.self.key.bias]
Loading weights:  
73%|#######2  | 
75/103 [00:00<00:00, 
1621.20it/s, 
Materializing param=e
ncoder.layer.4.attent
ion.self.key.weight]
Loading weights:  
73%|#######2  | 
75/103 [00:00<00:00, 
1585.94it/s, 
Materializing param=e
ncoder.layer.4.attent
ion.self.key.weight]
Loading weights:  
74%|#######3  | 
76/103 [00:00<00:00, 
1588.02it/s, 
Materializing param=e
ncoder.layer.4.attent
ion.self.query.bias]
Loading weights:  
74%|#######3  | 
76/103 [00:00<00:00, 
1570.77it/s, 
Materializing param=e
ncoder.layer.4.attent
ion.self.query.bias]
Loading weights:  
75%|#######4  | 
77/103 [00:00<00:00, 
1591.44it/s, 
Materializing param=e
ncoder.layer.4.attent
ion.self.query.weight
]
Loading weights:  
75%|#######4  | 
77/103 [00:00<00:00, 
1591.44it/s, 
Materializing param=e
ncoder.layer.4.attent
ion.self.query.weight
]
Loading weights:  
76%|#######5  | 
78/103 [00:00<00:00, 
1579.08it/s, 
Materializing param=e
ncoder.layer.4.attent
ion.self.value.bias] 
 
Loading weights:  
76%|#######5  | 
78/103 [00:00<00:00, 
1579.08it/s, 
Materializing param=e
ncoder.layer.4.attent
ion.self.value.bias]
Loading weights:  
77%|#######6  | 
79/103 [00:00<00:00, 
1583.07it/s, 
Materializing param=e
ncoder.layer.4.attent
ion.self.value.weight
]
Loading weights:  
77%|#######6  | 
79/103 [00:00<00:00, 
1583.07it/s, 
Materializing param=e
ncoder.layer.4.attent
ion.self.value.weight
]
Loading weights:  
78%|#######7  | 
80/103 [00:00<00:00, 
1586.49it/s, 
Materializing param=e
ncoder.layer.4.interm
ediate.dense.bias]   
 
Loading weights:  
78%|#######7  | 
80/103 [00:00<00:00, 
1586.49it/s, 
Materializing param=e
ncoder.layer.4.interm
ediate.dense.bias]
Loading weights:  
79%|#######8  | 
81/103 [00:00<00:00, 
1588.20it/s, 
Materializing param=e
ncoder.layer.4.interm
ediate.dense.weight]
Loading weights:  
79%|#######8  | 
81/103 [00:00<00:00, 
1588.20it/s, 
Materializing param=e
ncoder.layer.4.interm
ediate.dense.weight]
Loading weights:  
80%|#######9  | 
82/103 [00:00<00:00, 
1607.81it/s, 
Materializing param=e
ncoder.layer.4.output
.LayerNorm.bias]    
Loading weights:  
80%|#######9  | 
82/103 [00:00<00:00, 
1607.81it/s, 
Materializing param=e
ncoder.layer.4.output
.LayerNorm.bias]
Loading weights:  
81%|########  | 
83/103 [00:00<00:00, 
1627.42it/s, 
Materializing param=e
ncoder.layer.4.output
.LayerNorm.weight]
Loading weights:  
81%|########  | 
83/103 [00:00<00:00, 
1607.50it/s, 
Materializing param=e
ncoder.layer.4.output
.LayerNorm.weight]
Loading weights:  
82%|########1 | 
84/103 [00:00<00:00, 
1608.20it/s, 
Materializing param=e
ncoder.layer.4.output
.dense.bias]      
Loading weights:  
82%|########1 | 
84/103 [00:00<00:00, 
1608.20it/s, 
Materializing param=e
ncoder.layer.4.output
.dense.bias]
Loading weights:  
83%|########2 | 
85/103 [00:00<00:00, 
1608.91it/s, 
Materializing param=e
ncoder.layer.4.output
.dense.weight]
Loading weights:  
83%|########2 | 
85/103 [00:00<00:00, 
1608.91it/s, 
Materializing param=e
ncoder.layer.4.output
.dense.weight]
Loading weights:  
83%|########3 | 
86/103 [00:00<00:00, 
1627.84it/s, 
Materializing param=e
ncoder.layer.5.attent
ion.output.LayerNorm.
bias]
Loading weights:  
83%|########3 | 
86/103 [00:00<00:00, 
1627.84it/s, 
Materializing param=e
ncoder.layer.5.attent
ion.output.LayerNorm.
bias]
Loading weights:  
84%|########4 | 
87/103 [00:00<00:00, 
1646.77it/s, 
Materializing param=e
ncoder.layer.5.attent
ion.output.LayerNorm.
weight]
Loading weights:  
84%|########4 | 
87/103 [00:00<00:00, 
1646.77it/s, 
Materializing param=e
ncoder.layer.5.attent
ion.output.LayerNorm.
weight]
Loading weights:  
85%|########5 | 
88/103 [00:00<00:00, 
1665.70it/s, 
Materializing param=e
ncoder.layer.5.attent
ion.output.dense.bias
]      
Loading weights:  
85%|########5 | 
88/103 [00:00<00:00, 
1665.70it/s, 
Materializing param=e
ncoder.layer.5.attent
ion.output.dense.bias
]
Loading weights:  
86%|########6 | 
89/103 [00:00<00:00, 
1653.08it/s, 
Materializing param=e
ncoder.layer.5.attent
ion.output.dense.weig
ht]
Loading weights:  
86%|########6 | 
89/103 [00:00<00:00, 
1653.08it/s, 
Materializing param=e
ncoder.layer.5.attent
ion.output.dense.weig
ht]
Loading weights:  
87%|########7 | 
90/103 [00:00<00:00, 
1671.65it/s, 
Materializing param=e
ncoder.layer.5.attent
ion.self.key.bias]   
   
Loading weights:  
87%|########7 | 
90/103 [00:00<00:00, 
1671.65it/s, 
Materializing param=e
ncoder.layer.5.attent
ion.self.key.bias]
Loading weights:  
88%|########8 | 
91/103 [00:00<00:00, 
1690.23it/s, 
Materializing param=e
ncoder.layer.5.attent
ion.self.key.weight]
Loading weights:  
88%|########8 | 
91/103 [00:00<00:00, 
1690.23it/s, 
Materializing param=e
ncoder.layer.5.attent
ion.self.key.weight]
Loading weights:  
89%|########9 | 
92/103 [00:00<00:00, 
1692.91it/s, 
Materializing param=e
ncoder.layer.5.attent
ion.self.query.bias]
Loading weights:  
89%|########9 | 
92/103 [00:00<00:00, 
1692.91it/s, 
Materializing param=e
ncoder.layer.5.attent
ion.self.query.bias]
Loading weights:  
90%|######### | 
93/103 [00:00<00:00, 
1711.31it/s, 
Materializing param=e
ncoder.layer.5.attent
ion.self.query.weight
]
Loading weights:  
90%|######### | 
93/103 [00:00<00:00, 
1711.31it/s, 
Materializing param=e
ncoder.layer.5.attent
ion.self.query.weight
]
Loading weights:  
91%|#########1| 
94/103 [00:00<00:00, 
1729.71it/s, 
Materializing param=e
ncoder.layer.5.attent
ion.self.value.bias] 
 
Loading weights:  
91%|#########1| 
94/103 [00:00<00:00, 
1713.72it/s, 
Materializing param=e
ncoder.layer.5.attent
ion.self.value.bias]
Loading weights:  
92%|#########2| 
95/103 [00:00<00:00, 
1731.96it/s, 
Materializing param=e
ncoder.layer.5.attent
ion.self.value.weight
]
Loading weights:  
92%|#########2| 
95/103 [00:00<00:00, 
1731.96it/s, 
Materializing param=e
ncoder.layer.5.attent
ion.self.value.weight
]
Loading weights:  
93%|#########3| 
96/103 [00:00<00:00, 
1738.57it/s, 
Materializing param=e
ncoder.layer.5.interm
ediate.dense.bias]   
 
Loading weights:  
93%|#########3| 
96/103 [00:00<00:00, 
1738.57it/s, 
Materializing param=e
ncoder.layer.5.interm
ediate.dense.bias]
Loading weights:  
94%|#########4| 
97/103 [00:00<00:00, 
1756.68it/s, 
Materializing param=e
ncoder.layer.5.interm
ediate.dense.weight]
Loading weights:  
94%|#########4| 
97/103 [00:00<00:00, 
1756.68it/s, 
Materializing param=e
ncoder.layer.5.interm
ediate.dense.weight]
Loading weights:  
95%|#########5| 
98/103 [00:00<00:00, 
1774.79it/s, 
Materializing param=e
ncoder.layer.5.output
.LayerNorm.bias]    
Loading weights:  
95%|#########5| 
98/103 [00:00<00:00, 
1774.79it/s, 
Materializing param=e
ncoder.layer.5.output
.LayerNorm.bias]
Loading weights:  
96%|#########6| 
99/103 [00:00<00:00, 
1792.90it/s, 
Materializing param=e
ncoder.layer.5.output
.LayerNorm.weight]
Loading weights:  
96%|#########6| 
99/103 [00:00<00:00, 
1792.90it/s, 
Materializing param=e
ncoder.layer.5.output
.LayerNorm.weight]
Loading weights:  
97%|#########7| 
100/103 
[00:00<00:00, 
1811.01it/s, 
Materializing param=e
ncoder.layer.5.output
.dense.bias]     
Loading weights:  
97%|#########7| 
100/103 
[00:00<00:00, 
1782.94it/s, 
Materializing param=e
ncoder.layer.5.output
.dense.bias]
Loading weights:  
98%|#########8| 
101/103 
[00:00<00:00, 
1800.77it/s, 
Materializing param=e
ncoder.layer.5.output
.dense.weight]
Loading weights:  
98%|#########8| 
101/103 
[00:00<00:00, 
1800.77it/s, 
Materializing param=e
ncoder.layer.5.output
.dense.weight]
Loading weights:  
99%|#########9| 
102/103 
[00:00<00:00, 
1818.59it/s, 
Materializing param=p
ooler.dense.bias]    
              
Loading weights:  
99%|#########9| 
102/103 
[00:00<00:00, 
1818.59it/s, 
Materializing param=p
ooler.dense.bias]
Loading weights: 
100%|##########| 
103/103 
[00:00<00:00, 
1836.42it/s, 
Materializing param=p
ooler.dense.weight]
Loading weights: 
100%|##########| 
103/103 
[00:00<00:00, 
1814.85it/s, 
Materializing param=p
ooler.dense.weight]
Loading weights: 
100%|##########| 
103/103 
[00:00<00:00, 
1814.85it/s, 
Materializing param=p
ooler.dense.weight]
BertModel LOAD 
REPORT from: sentence
-transformers/all-Min
iLM-L6-v2
Key                  
   | Status     |  | 
---------------------
---+------------+--+-
embeddings.position_i
ds | UNEXPECTED |  | 

Notes:
- UNEXPECTED	:can be 
ignored when loading 
from different 
task/architecture; 
not ok if you expect 
identical arch.
Traceback (most 
recent call last):
  File "D:\harsh\Code
_Playground\Law Firm 
Connect\Law Firm Conn
ect\test_rag_deepseek
.py", line 7, in 
<module>
    from rag.rag 
import ask
  File "D:\harsh\Code
_Playground\Law Firm 
Connect\Law Firm 
Connect\rag\rag.py", 
line 62, in <module>
    llm = OpenAILLM(
  File "D:\harsh\Code
_Playground\Law Firm 
Connect\Law Firm Conn
ect\.venv\lib\site-pa
ckages\neo4j_graphrag
\llm\openai_llm.py", 
line 380, in __init__
    self.client = sel
f.openai.OpenAI(**kwa
rgs)
  File "D:\harsh\Code
_Playground\Law Firm 
Connect\Law Firm Conn
ect\.venv\lib\site-pa
ckages\openai\_client
.py", line 135, in 
__init__
    raise 
OpenAIError(
openai.OpenAIError: 
The api_key client 
option must be set 
either by passing 
api_key to the 
client or by setting 
the OPENAI_API_KEY 
environment variable
